[LOGGING] Bắt đầu ghi log vào logs/debug_2025-11-04_10-53-28.log

args: Args(level_set_path=PosixPath('level_set/level_set_1'), start_length=15, length_step=5, min_length=5, size=(30, 30), turn_probability=0.75, straight_weight=2, left_weight=0.5, right_weight=0.5, max_turns=30, generate_mode='basic', item_name='img_banana.png', item_path='level_set/level_set_1/1_0_original_icons/img_banana.png')
Đang xử lý: 'level_set/level_set_1/1_0_original_icons/img_banana.png' (Kích thước gốc: (512, 512))
==> Đã lưu vào: 'level_set/level_set_1/1_1_icons/img_banana.png' (Kích thước mới: (30, 30))
Đã tải ảnh 'level_set/level_set_1/1_1_icons/img_banana.png' (Kích thước: 30x30)
Sử dụng ngưỡng Alpha: 128
Hoàn thành! Đã lưu board vào 'level_set/level_set_1/1_board_test/img_banana.txt'.
--- Đang tải board từ: level_set/level_set_1/1_board_test/img_banana.txt ---
Đã tải thành công 900 ô 'editable'.
Tổng số ô có thể vẽ: 900

========================================
--- BẮT ĐẦU VÒNG LẶP (Length = 15) ---
Ô đã chiếm: 0 / Ô còn trống: 900
Đề xuất tạo 60 mũi tên cho vòng lặp này...
Generating level in painted area... (This will be slow)
Trying to generate arrow 1/60...
Trying to generate arrow 2/60...
Trying to generate arrow 3/60...
Trying to generate arrow 4/60...
Trying to generate arrow 5/60...
Trying to generate arrow 6/60...
Trying to generate arrow 7/60...
Trying to generate arrow 8/60...
Trying to generate arrow 9/60...
Trying to generate arrow 10/60...
Trying to generate arrow 11/60...
Trying to generate arrow 12/60...
Trying to generate arrow 13/60...
Trying to generate arrow 14/60...
Trying to generate arrow 15/60...
Trying to generate arrow 16/60...
Trying to generate arrow 17/60...
Trying to generate arrow 18/60...
Trying to generate arrow 19/60...
Trying to generate arrow 20/60...
Trying to generate arrow 21/60...
Trying to generate arrow 22/60...
Trying to generate arrow 23/60...
Trying to generate arrow 24/60...
Trying to generate arrow 25/60...
Trying to generate arrow 26/60...
Trying to generate arrow 27/60...
Trying to generate arrow 28/60...
Trying to generate arrow 29/60...
Trying to generate arrow 30/60...
Trying to generate arrow 31/60...
Trying to generate arrow 32/60...
Trying to generate arrow 33/60...
Trying to generate arrow 34/60...
Trying to generate arrow 35/60...
Trying to generate arrow 36/60...
Trying to generate arrow 37/60...
Trying to generate arrow 38/60...
Trying to generate arrow 39/60...
Trying to generate arrow 40/60...
Trying to generate arrow 41/60...
Trying to generate arrow 42/60...
Trying to generate arrow 43/60...
Trying to generate arrow 44/60...
Trying to generate arrow 45/60...
Trying to generate arrow 46/60...
Trying to generate arrow 47/60...
Trying to generate arrow 48/60...
Trying to generate arrow 49/60...
Trying to generate arrow 50/60...
Trying to generate arrow 51/60...
Trying to generate arrow 52/60...
Trying to generate arrow 53/60...
Trying to generate arrow 54/60...
Trying to generate arrow 55/60...
Trying to generate arrow 56/60...
Trying to generate arrow 57/60...
Trying to generate arrow 58/60...
Trying to generate arrow 59/60...
Trying to generate arrow 60/60...
Successfully generated 60 arrows!
Kết quả vòng lặp: Successfully generated 60 arrows!
Giảm độ dài từ 15...
Độ dài vòng tiếp theo: 10

========================================
--- BẮT ĐẦU VÒNG LẶP (Length = 10) ---
Ô đã chiếm: 756 / Ô còn trống: 144
Đề xuất tạo 14 mũi tên cho vòng lặp này...
Generating level in painted area... (This will be slow)
Trying to generate arrow 1/14...
Trying to generate arrow 2/14...
Trying to generate arrow 3/14...
Trying to generate arrow 4/14...
Trying to generate arrow 5/14...
Trying to generate arrow 6/14...
Trying to generate arrow 7/14...
Trying to generate arrow 8/14...
Could not find valid arrow 8. Stopping.
Successfully generated 7 arrows!
Kết quả vòng lặp: Successfully generated 7 arrows!
Giảm độ dài từ 10...
Độ dài vòng tiếp theo: 5

========================================
--- BẮT ĐẦU VÒNG LẶP (Length = 5) ---
Ô đã chiếm: 794 / Ô còn trống: 106
Đề xuất tạo 21 mũi tên cho vòng lặp này...
Generating level in painted area... (This will be slow)
Trying to generate arrow 1/21...
Trying to generate arrow 2/21...
Trying to generate arrow 3/21...
Trying to generate arrow 4/21...
Trying to generate arrow 5/21...
Trying to generate arrow 6/21...
Trying to generate arrow 7/21...
Trying to generate arrow 8/21...
Trying to generate arrow 9/21...
Trying to generate arrow 10/21...
Trying to generate arrow 11/21...
Trying to generate arrow 12/21...
Trying to generate arrow 13/21...
Trying to generate arrow 14/21...
Trying to generate arrow 15/21...
Trying to generate arrow 16/21...
Trying to generate arrow 17/21...
Trying to generate arrow 18/21...
Trying to generate arrow 19/21...
Trying to generate arrow 20/21...
Trying to generate arrow 21/21...
Successfully generated 21 arrows!
Kết quả vòng lặp: Successfully generated 21 arrows!
Tiếp tục lặp lại ở độ dài tối thiểu (5)...

========================================
--- BẮT ĐẦU VÒNG LẶP (Length = 5) ---
Ô đã chiếm: 843 / Ô còn trống: 57
Đề xuất tạo 11 mũi tên cho vòng lặp này...
Generating level in painted area... (This will be slow)
Trying to generate arrow 1/11...
Trying to generate arrow 2/11...
Trying to generate arrow 3/11...
Trying to generate arrow 4/11...
Trying to generate arrow 5/11...
Trying to generate arrow 6/11...
Could not find valid arrow 6. Stopping.
Successfully generated 5 arrows!
Kết quả vòng lặp: Successfully generated 5 arrows!
Tiếp tục lặp lại ở độ dài tối thiểu (5)...

========================================
--- BẮT ĐẦU VÒNG LẶP (Length = 5) ---
Ô đã chiếm: 853 / Ô còn trống: 47
Đề xuất tạo 9 mũi tên cho vòng lặp này...
Generating level in painted area... (This will be slow)
Trying to generate arrow 1/9...
Could not find valid arrow 1. Stopping.
Kết quả vòng lặp: Generation complete, but 0 valid arrows found. Try again.
Không thể tạo thêm mũi tên ở độ dài này.
Đã đạt độ dài tối thiểu và không thể tạo thêm. Dừng.

========================================
--- ĐÃ HOÀN TẤT TẤT CẢ CÁC VÒNG LẶP ---
Tổng cộng đã tạo: 93 mũi tên.
Đã lấp đầy 853 / 900 ô (94.8%)
--- Đang lưu kết quả ra: level_set/level_set_1/2_result_test/img_banana.json ---
Đã lưu thành công level 30x30 với 93 mũi tên.
--- Bản đồ kết quả (ASCII) ---
                                
 ####<####.^#####.########<#### 
 ###########v####^##^########## 
 #######<#<#.##########.#v##.## 
 .vv#####<####.###############. 
 ######.####.#####>.########### 
 ######<####<########<###<##### 
 ########>#####v.###v#>######## 
 ###^####>#####.#########>##### 
 ############.######v######^### 
 v#v###############>.#####.#### 
 .#####.#####v########<######## 
 #############.v####v##>###.### 
 ##########>.##############.#># 
 ##########################.### 
 ######v#######v###v######>#### 
 v####v.v.<###v<#####<######.## 
 ####<###########v#########.<## 
 #<##.<#<##v##########<####^### 
 ####<#######<####.######vv#### 
 #v############<#########<##### 
 v####.#.###.################## 
 #########v#<###v####.##.###### 
 ########.##.<###############.v 
 ##########.<####.####>##>##.## 
 v###############<#<########### 
 ##<####>.##v#################v 
 #######>###############.v.v##. 
 ##########>########>####>##### 
 ###>.#########v#############>v 
 #######vv########.v###.######> 
                                
--- Đang render: img_banana (30x30) ---
✅ Đã lưu hình ảnh vào: level_set/level_set_1/3_render/img_banana.png
