[LOGGING] Bắt đầu ghi log vào logs/debug_2025-11-04_10-55-11.log

args: Args(level_set_path=PosixPath('level_set/level_set_1'), start_length=15, length_step=5, min_length=5, size=(30, 30), turn_probability=0.75, straight_weight=2, left_weight=0.5, right_weight=0.5, max_turns=30, generate_mode='basic', item_name='Daily_328.png', item_path='level_set/level_set_1/1_0_original_icons/Daily_328.png')
Đang xử lý: 'level_set/level_set_1/1_0_original_icons/Daily_328.png' (Kích thước gốc: (512, 512))
==> Đã lưu vào: 'level_set/level_set_1/1_1_icons/Daily_328.png' (Kích thước mới: (30, 30))
Đã tải ảnh 'level_set/level_set_1/1_1_icons/Daily_328.png' (Kích thước: 30x30)
Sử dụng ngưỡng Alpha: 128
Hoàn thành! Đã lưu board vào 'level_set/level_set_1/1_board_test/Daily_328.txt'.
--- Đang tải board từ: level_set/level_set_1/1_board_test/Daily_328.txt ---
Đã tải thành công 564 ô 'editable'.
Tổng số ô có thể vẽ: 564

========================================
--- BẮT ĐẦU VÒNG LẶP (Length = 15) ---
Ô đã chiếm: 0 / Ô còn trống: 564
Đề xuất tạo 38 mũi tên cho vòng lặp này...
Generating level in painted area... (This will be slow)
Trying to generate arrow 1/38...
Trying to generate arrow 2/38...
Trying to generate arrow 3/38...
Trying to generate arrow 4/38...
Trying to generate arrow 5/38...
Trying to generate arrow 6/38...
Trying to generate arrow 7/38...
Trying to generate arrow 8/38...
Trying to generate arrow 9/38...
Trying to generate arrow 10/38...
Trying to generate arrow 11/38...
Trying to generate arrow 12/38...
Trying to generate arrow 13/38...
Trying to generate arrow 14/38...
Trying to generate arrow 15/38...
Trying to generate arrow 16/38...
Trying to generate arrow 17/38...
Trying to generate arrow 18/38...
Trying to generate arrow 19/38...
Trying to generate arrow 20/38...
Trying to generate arrow 21/38...
Trying to generate arrow 22/38...
Trying to generate arrow 23/38...
Trying to generate arrow 24/38...
Trying to generate arrow 25/38...
Trying to generate arrow 26/38...
Trying to generate arrow 27/38...
Trying to generate arrow 28/38...
Trying to generate arrow 29/38...
Trying to generate arrow 30/38...
Trying to generate arrow 31/38...
Trying to generate arrow 32/38...
Trying to generate arrow 33/38...
Trying to generate arrow 34/38...
Trying to generate arrow 35/38...
Trying to generate arrow 36/38...
Trying to generate arrow 37/38...
Trying to generate arrow 38/38...
Successfully generated 38 arrows!
Kết quả vòng lặp: Successfully generated 38 arrows!
Giảm độ dài từ 15...
Độ dài vòng tiếp theo: 10

========================================
--- BẮT ĐẦU VÒNG LẶP (Length = 10) ---
Ô đã chiếm: 444 / Ô còn trống: 120
Đề xuất tạo 12 mũi tên cho vòng lặp này...
Generating level in painted area... (This will be slow)
Trying to generate arrow 1/12...
Trying to generate arrow 2/12...
Trying to generate arrow 3/12...
Trying to generate arrow 4/12...
Trying to generate arrow 5/12...
Trying to generate arrow 6/12...
Trying to generate arrow 7/12...
Trying to generate arrow 8/12...
Could not find valid arrow 8. Stopping.
Successfully generated 7 arrows!
Kết quả vòng lặp: Successfully generated 7 arrows!
Giảm độ dài từ 10...
Độ dài vòng tiếp theo: 5

========================================
--- BẮT ĐẦU VÒNG LẶP (Length = 5) ---
Ô đã chiếm: 487 / Ô còn trống: 77
Đề xuất tạo 15 mũi tên cho vòng lặp này...
Generating level in painted area... (This will be slow)
Trying to generate arrow 1/15...
Trying to generate arrow 2/15...
Trying to generate arrow 3/15...
Trying to generate arrow 4/15...
Trying to generate arrow 5/15...
Trying to generate arrow 6/15...
Trying to generate arrow 7/15...
Trying to generate arrow 8/15...
Trying to generate arrow 9/15...
Trying to generate arrow 10/15...
Trying to generate arrow 11/15...
Trying to generate arrow 12/15...
Trying to generate arrow 13/15...
Trying to generate arrow 14/15...
Trying to generate arrow 15/15...
Successfully generated 15 arrows!
Kết quả vòng lặp: Successfully generated 15 arrows!
Tiếp tục lặp lại ở độ dài tối thiểu (5)...

========================================
--- BẮT ĐẦU VÒNG LẶP (Length = 5) ---
Ô đã chiếm: 520 / Ô còn trống: 44
Đề xuất tạo 9 mũi tên cho vòng lặp này...
Generating level in painted area... (This will be slow)
Trying to generate arrow 1/9...
Trying to generate arrow 2/9...
Trying to generate arrow 3/9...
Trying to generate arrow 4/9...
Trying to generate arrow 5/9...
Trying to generate arrow 6/9...
Could not find valid arrow 6. Stopping.
Successfully generated 5 arrows!
Kết quả vòng lặp: Successfully generated 5 arrows!
Tiếp tục lặp lại ở độ dài tối thiểu (5)...

========================================
--- BẮT ĐẦU VÒNG LẶP (Length = 5) ---
Ô đã chiếm: 530 / Ô còn trống: 34
Đề xuất tạo 7 mũi tên cho vòng lặp này...
Generating level in painted area... (This will be slow)
Trying to generate arrow 1/7...
Could not find valid arrow 1. Stopping.
Kết quả vòng lặp: Generation complete, but 0 valid arrows found. Try again.
Không thể tạo thêm mũi tên ở độ dài này.
Đã đạt độ dài tối thiểu và không thể tạo thêm. Dừng.

========================================
--- ĐÃ HOÀN TẤT TẤT CẢ CÁC VÒNG LẶP ---
Tổng cộng đã tạo: 65 mũi tên.
Đã lấp đầy 530 / 564 ô (94.0%)
--- Đang lưu kết quả ra: level_set/level_set_1/2_result_test/Daily_328.json ---
Đã lưu thành công level 29x30 với 65 mũi tên.
--- Bản đồ kết quả (ASCII) ---
                                
         ###                    
      ####^#####                
    ^^#####^#####.##            
   #######^####^#####>          
   ##############v###>^         
  #######>#######.#####         
  #####<##########>#>###        
  ###>#####.^.#^##.###^^        
 ######>############.###        
  ##.#####.########.^###        
    ^#######>^####>.###.        
 .####>.####^##########         
  ###############v#####         
   <########>###.##.##          
    #^###.#<##########.         
   ####.##########^#####.       
   #<#####################      
   v#####.^##^###########v      
    ####>#######.######^###     
   .^#####.###.############# ^. 
    #####^####^#####>###>.####  
     ######.#####>#########     
     ##############<####v##     
     #####.##.####v<######v     
      #>.v######.v####v#>       
       <#.##############>       
       ##<###v#<########        
       ##.  #.#  <#v ###        
        #   ###   <#  ##        
             #                  
                                
--- Đang render: Daily_328 (29x30) ---
✅ Đã lưu hình ảnh vào: level_set/level_set_1/3_render/Daily_328.png
